// Jest Snapshot v1, https://goo.gl/fbAQLP

exports[`AppPageSection Renders without crashing 1`] = `
<PageSection
  className="pageSection"
  variant="light"
/>
`;
