// Jest Snapshot v1, https://goo.gl/fbAQLP

exports[`AppAboutModal 1`] = `
<AboutModal
  appendTo={null}
  backgroundImageSrc=""
  brandImageAlt="Logo"
  brandImageSrc="tackle.png"
  className=""
  isOpen={true}
  noAboutModalBoxContentContainer={false}
  onClose={[MockFunction]}
  productName="Tackle"
  trademark="COPYRIGHT Â© 2021."
>
  <TextContent>
    <Text
      component="p"
    >
      about.introduction
    </Text>
    <Text
      component="p"
    >
      about.description
    </Text>
    <Text
      component="p"
    >
      <Trans
        i18nKey="about.bottom1"
      >
        Tackle is a project within the
         
        <Text
          component="a"
          href="https://www.konveyor.io/"
          target="_blank"
        >
          Konveyor community
        </Text>
        .
      </Trans>
    </Text>
    <Text
      component="p"
    >
      <Trans
        i18nKey="about.bottom2"
      >
        For more information please refer to
         
        <Text
          component="a"
          href="https://tackle-docs.konveyor.io/"
          target="_blank"
        >
          Tackle documentation
        </Text>
        .
      </Trans>
    </Text>
  </TextContent>
</AboutModal>
`;
